// Jest Snapshot v1, https://goo.gl/fbAQLP

exports[`\`AppBar\` renders properly 1`] = `
<div
  className="app-bar"
>
  <div
    className="left-hand"
  >
    <Link
      replace={false}
      to="/"
    >
      <Logo />
    </Link>
  </div>
  <div
    className="right-hand"
  >
    <Link
      className="bar-item"
      replace={false}
      to="/settings"
    >
      <i
        className="fas fa-cog"
      />
      <span>
        Settings
      </span>
    </Link>
    <Link
      className="bar-item"
      replace={false}
      to=""
    >
      <img
        alt="guide me"
        className="walkthrough"
        onClick={null}
        src="play-button.svg"
        style={
          Object {
            "opacity": 0.5,
          }
        }
      />
      <span>
        Guide Me
      </span>
    </Link>
    <Link
      className="bar-item"
      replace={false}
      to=""
    >
      <i
        className="fas fa-info-circle"
      />
      <span>
        About
      </span>
    </Link>
  </div>
</div>
`;
