// Jest Snapshot v1, https://goo.gl/fbAQLP

exports[`\`CompletionModal\` renders properly 1`] = `
<Dialog
  autoDetectWindowHeight={true}
  autoScrollBodyContent={false}
  className="completion-dialog"
  modal={false}
  open={true}
  repositionOnUpdate={false}
  title={
    <Title
      wpm={10}
    />
  }
>
  <div
    id="completion-content"
  >
    <h4
      className="size2"
      id="your-score"
    >
      Please Do Your Best!
    </h4>
    <ResultComparison
      result={10}
    />
    <div
      className="score-report"
    >
      <ScoreSection
        iconClass="fas fa-check-circle"
        score={78}
        title="CORRECT"
      />
      <ScoreSection
        iconClass="fas fas fa-tachometer-alt"
        score={10}
        title="WPM"
      />
    </div>
    <h4
      className="size2"
    >
      Try Again?
    </h4>
    <div>
      <div
        className="svg-wrapper svg-size1 restart"
        onClick={[Function]}
      >
        <ActionAutorenew
          style={
            Object {
              "color": null,
              "height": "initial",
            }
          }
        />
      </div>
    </div>
  </div>
</Dialog>
`;
